This is pdfTeX, Version 3.141592653-2.6-1.40.29 (TeX Live 2026) (preloaded format=pdflatex 2026.4.4)  29 APR 2026 00:09
entering extended mode
 restricted \write18 enabled.
 file:line:error style messages enabled.
 %&-line parsing enabled.
**Thesis.tex
(./Thesis.tex
LaTeX2e <2025-11-01>
L3 programming layer <2026-01-19>
(/usr/local/texlive/2026/texmf-dist/tex/latex/base/report.cls
Document Class: report 2025/01/22 v1.4n Standard LaTeX document class
(/usr/local/texlive/2026/texmf-dist/tex/latex/base/size12.clo
File: size12.clo 2025/01/22 v1.4n Standard LaTeX file (size option)
)
\c@part=\count275
\c@chapter=\count276
\c@section=\count277
\c@subsection=\count278
\c@subsubsection=\count279
\c@paragraph=\count280
\c@subparagraph=\count281
\c@figure=\count282
\c@table=\count283
\abovecaptionskip=\skip49
\belowcaptionskip=\skip50
\bibindent=\dimen148
) (/usr/local/texlive/2026/texmf-dist/tex/latex/geometry/geometry.sty
Package: geometry 2026/03/07 v6.0 Page Geometry
 (/usr/local/texlive/2026/texmf-dist/tex/latex/graphics/keyval.sty
Package: keyval 2022/05/29 v1.15 key=value parser (DPC)
\KV@toks@=\toks17
) (/usr/local/texlive/2026/texmf-dist/tex/generic/iftex/ifvtex.sty
Package: ifvtex 2019/10/25 v1.7 ifvtex legacy package. Use iftex instead.
 (/usr/local/texlive/2026/texmf-dist/tex/generic/iftex/iftex.sty
Package: iftex 2024/12/12 v1.0g TeX engine tests
))
\Gm@cnth=\count284
\Gm@cntv=\count285
\c@Gm@tempcnt=\count286
\Gm@bindingoffset=\dimen149
\Gm@wd@mp=\dimen150
\Gm@odd@mp=\dimen151
\Gm@even@mp=\dimen152
\Gm@layoutwidth=\dimen153
\Gm@layoutheight=\dimen154
\Gm@layouthoffset=\dimen155
\Gm@layoutvoffset=\dimen156
\Gm@dimlist=\toks18
) (/usr/local/texlive/2026/texmf-dist/tex/latex/setspace/setspace.sty
Package: setspace 2022/12/04 v6.7b set line spacing
) (/usr/local/texlive/2026/texmf-dist/tex/latex/amsmath/amsmath.sty
Package: amsmath 2025/07/09 v2.17z AMS math features
\@mathmargin=\skip51

For additional information on amsmath, use the `?' option.
(/usr/local/texlive/2026/texmf-dist/tex/latex/amsmath/amstext.sty
Package: amstext 2024/11/17 v2.01 AMS text
 (/usr/local/texlive/2026/texmf-dist/tex/latex/amsmath/amsgen.sty
File: amsgen.sty 1999/11/30 v2.0 generic functions
\@emptytoks=\toks19
\ex@=\dimen157
)) (/usr/local/texlive/2026/texmf-dist/tex/latex/amsmath/amsbsy.sty
Package: amsbsy 1999/11/29 v1.2d Bold Symbols
\pmbraise@=\dimen158
) (/usr/local/texlive/2026/texmf-dist/tex/latex/amsmath/amsopn.sty
Package: amsopn 2022/04/08 v2.04 operator names
)
\inf@bad=\count287
LaTeX Info: Redefining \frac on input line 233.
\uproot@=\count288
\leftroot@=\count289
LaTeX Info: Redefining \overline on input line 398.
LaTeX Info: Redefining \colon on input line 409.
\classnum@=\count290
\DOTSCASE@=\count291
LaTeX Info: Redefining \ldots on input line 495.
LaTeX Info: Redefining \dots on input line 498.
LaTeX Info: Redefining \cdots on input line 619.
\Mathstrutbox@=\box53
\strutbox@=\box54
LaTeX Info: Redefining \big on input line 721.
LaTeX Info: Redefining \Big on input line 722.
LaTeX Info: Redefining \bigg on input line 723.
LaTeX Info: Redefining \Bigg on input line 724.
\big@size=\dimen159
LaTeX Font Info:    Redeclaring font encoding OML on input line 742.
LaTeX Font Info:    Redeclaring font encoding OMS on input line 743.
\macc@depth=\count292
LaTeX Info: Redefining \bmod on input line 904.
LaTeX Info: Redefining \pmod on input line 909.
LaTeX Info: Redefining \smash on input line 939.
LaTeX Info: Redefining \relbar on input line 969.
LaTeX Info: Redefining \Relbar on input line 970.
\c@MaxMatrixCols=\count293
\dotsspace@=\muskip17
\c@parentequation=\count294
\dspbrk@lvl=\count295
\tag@help=\toks20
\row@=\count296
\column@=\count297
\maxfields@=\count298
\andhelp@=\toks21
\eqnshift@=\dimen160
\alignsep@=\dimen161
\tagshift@=\dimen162
\tagwidth@=\dimen163
\totwidth@=\dimen164
\lineht@=\dimen165
\@envbody=\toks22
\multlinegap=\skip52
\multlinetaggap=\skip53
\mathdisplay@stack=\toks23
LaTeX Info: Redefining \[ on input line 2950.
LaTeX Info: Redefining \] on input line 2951.
) (/usr/local/texlive/2026/texmf-dist/tex/latex/amsfonts/amssymb.sty
Package: amssymb 2013/01/14 v3.01 AMS font symbols
 (/usr/local/texlive/2026/texmf-dist/tex/latex/amsfonts/amsfonts.sty
Package: amsfonts 2013/01/14 v3.01 Basic AMSFonts support
\symAMSa=\mathgroup4
\symAMSb=\mathgroup5
LaTeX Font Info:    Redeclaring math symbol \hbar on input line 98.
LaTeX Font Info:    Overwriting math alphabet `\mathfrak' in version `bold'
(Font)                  U/euf/m/n --> U/euf/b/n on input line 106.
)) (/usr/local/texlive/2026/texmf-dist/tex/latex/graphics/graphicx.sty
Package: graphicx 2024/12/31 v1.2e Enhanced LaTeX Graphics (DPC,SPQR)
 (/usr/local/texlive/2026/texmf-dist/tex/latex/graphics/graphics.sty
Package: graphics 2024/08/06 v1.4g Standard LaTeX Graphics (DPC,SPQR)
 (/usr/local/texlive/2026/texmf-dist/tex/latex/graphics/trig.sty
Package: trig 2023/12/02 v1.11 sin cos tan (DPC)
) (/usr/local/texlive/2026/texmf-dist/tex/latex/graphics-cfg/graphics.cfg
File: graphics.cfg 2016/06/04 v1.11 sample graphics configuration
)
Package graphics Info: Driver file: pdftex.def on input line 106.
 (/usr/local/texlive/2026/texmf-dist/tex/latex/graphics-def/pdftex.def
File: pdftex.def 2025/09/29 v1.2d Graphics/color driver for pdftex
))
\Gin@req@height=\dimen166
\Gin@req@width=\dimen167
) (/usr/local/texlive/2026/texmf-dist/tex/latex/booktabs/booktabs.sty
Package: booktabs 2020/01/12 v1.61803398 Publication quality tables
\heavyrulewidth=\dimen168
\lightrulewidth=\dimen169
\cmidrulewidth=\dimen170
\belowrulesep=\dimen171
\belowbottomsep=\dimen172
\aboverulesep=\dimen173
\abovetopsep=\dimen174
\cmidrulesep=\dimen175
\cmidrulekern=\dimen176
\defaultaddspace=\dimen177
\@cmidla=\count299
\@cmidlb=\count300
\@aboverulesep=\dimen178
\@belowrulesep=\dimen179
\@thisruleclass=\count301
\@lastruleclass=\count302
\@thisrulewidth=\dimen180
) (/usr/local/texlive/2026/texmf-dist/tex/latex/multirow/multirow.sty
Package: multirow 2024/11/12 v2.9 Span multiple rows of a table
\multirow@colwidth=\skip54
\multirow@cntb=\count303
\multirow@dima=\skip55
\bigstrutjot=\dimen181
) (/usr/local/texlive/2026/texmf-dist/tex/latex/tools/array.sty
Package: array 2025/09/25 v2.6n Tabular extension package (FMi)
\col@sep=\dimen182
\ar@mcellbox=\box55
\extrarowheight=\dimen183
\NC@list=\toks24
\extratabsurround=\skip56
\backup@length=\skip57
\ar@cellbox=\box56
) (/usr/local/texlive/2026/texmf-dist/tex/latex/xcolor/xcolor.sty
Package: xcolor 2024/09/29 v3.02 LaTeX color extensions (UK)
 (/usr/local/texlive/2026/texmf-dist/tex/latex/graphics-cfg/color.cfg
File: color.cfg 2016/01/02 v1.6 sample color configuration
)
Package xcolor Info: Driver file: pdftex.def on input line 274.
 (/usr/local/texlive/2026/texmf-dist/tex/latex/graphics/mathcolor.ltx)
Package xcolor Info: Model `cmy' substituted by `cmy0' on input line 1349.
Package xcolor Info: Model `hsb' substituted by `rgb' on input line 1353.
Package xcolor Info: Model `RGB' extended on input line 1365.
Package xcolor Info: Model `HTML' substituted by `rgb' on input line 1367.
Package xcolor Info: Model `Hsb' substituted by `hsb' on input line 1368.
Package xcolor Info: Model `tHsb' substituted by `hsb' on input line 1369.
Package xcolor Info: Model `HSB' substituted by `hsb' on input line 1370.
Package xcolor Info: Model `Gray' substituted by `gray' on input line 1371.
Package xcolor Info: Model `wave' substituted by `hsb' on input line 1372.
) (/usr/local/texlive/2026/texmf-dist/tex/latex/float/float.sty
Package: float 2001/11/08 v1.3d Float enhancements (AL)
\c@float@type=\count304
\float@exts=\toks25
\float@box=\box57
\@float@everytoks=\toks26
\@floatcapt=\box58
) (/usr/local/texlive/2026/texmf-dist/tex/latex/tools/tabularx.sty
Package: tabularx 2023/12/11 v2.12a `tabularx' package (DPC)
\TX@col@width=\dimen184
\TX@old@table=\dimen185
\TX@old@col=\dimen186
\TX@target=\dimen187
\TX@delta=\dimen188
\TX@cols=\count305
\TX@ftn=\toks27
) (/usr/local/texlive/2026/texmf-dist/tex/latex/adjustbox/adjustbox.sty
Package: adjustbox 2025/02/26 v1.3c Adjusting TeX boxes (trim, clip, ...)
 (/usr/local/texlive/2026/texmf-dist/tex/latex/xkeyval/xkeyval.sty
Package: xkeyval 2025/11/04 v2.10 package option processing (HA)
 (/usr/local/texlive/2026/texmf-dist/tex/generic/xkeyval/xkeyval.tex (/usr/local/texlive/2026/texmf-dist/tex/generic/xkeyval/xkvutils.tex
\XKV@toks=\toks28
\XKV@tempa@toks=\toks29
\XKV@tempb@toks=\toks30
)
\XKV@depth=\count306
File: xkeyval.tex 2014/12/03 v2.7a key=value parser (HA)
)) (/usr/local/texlive/2026/texmf-dist/tex/latex/adjustbox/adjcalc.sty
Package: adjcalc 2012/05/16 v1.1 Provides advanced setlength with multiple back-ends (calc, etex, pgfmath)
) (/usr/local/texlive/2026/texmf-dist/tex/latex/adjustbox/trimclip.sty
Package: trimclip 2025/02/21 v1.2a Trim and clip general TeX material
 (/usr/local/texlive/2026/texmf-dist/tex/latex/collectbox/collectbox.sty
Package: collectbox 2022/10/17 v0.4c Collect macro arguments as boxes
\collectedbox=\box59
)
\tc@llx=\dimen189
\tc@lly=\dimen190
\tc@urx=\dimen191
\tc@ury=\dimen192
Package trimclip Info: Using driver 'tc-pdftex.def'.
 (/usr/local/texlive/2026/texmf-dist/tex/latex/adjustbox/tc-pdftex.def
File: tc-pdftex.def 2025/02/26 v2.3 Clipping driver for pdftex
))
\adjbox@Width=\dimen193
\adjbox@Height=\dimen194
\adjbox@Depth=\dimen195
\adjbox@Totalheight=\dimen196
\adjbox@pwidth=\dimen197
\adjbox@pheight=\dimen198
\adjbox@pdepth=\dimen199
\adjbox@ptotalheight=\dimen256
 (/usr/local/texlive/2026/texmf-dist/tex/latex/ifoddpage/ifoddpage.sty
Package: ifoddpage 2022/10/18 v1.2 Conditionals for odd/even page detection
\c@checkoddpage=\count307
) (/usr/local/texlive/2026/texmf-dist/tex/latex/varwidth/varwidth.sty
Package: varwidth 2009/03/30 ver 0.92;  Variable-width minipages
\@vwid@box=\box60
\sift@deathcycles=\count308
\@vwid@loff=\dimen257
\@vwid@roff=\dimen258
)
==> First Aid for varwidth.sty applied!
) (/usr/local/texlive/2026/texmf-dist/tex/latex/tools/longtable.sty
Package: longtable 2025-10-13 v4.24 Multi-page Table package (DPC)
\LTleft=\skip58
\LTright=\skip59
\LTpre=\skip60
\LTpost=\skip61
\LTchunksize=\count309
\LTcapwidth=\dimen259
\LT@head=\box61
\LT@firsthead=\box62
\LT@foot=\box63
\LT@lastfoot=\box64
\LT@gbox=\box65
\LT@cols=\count310
\LT@rows=\count311
\c@LT@tables=\count312
\c@LT@chunks=\count313
\LT@p@ftn=\toks31
) (/usr/local/texlive/2026/texmf-dist/tex/latex/pdflscape/pdflscape.sty
Package: pdflscape 2025-06-23 v0.14 Display of landscape pages in PDF
 (/usr/local/texlive/2026/texmf-dist/tex/latex/pdflscape/pdflscape-nometadata.sty
Package: pdflscape-nometadata 2025-06-23 v0.14 Display of landscape pages in PDF (HO)
 (/usr/local/texlive/2026/texmf-dist/tex/latex/graphics/lscape.sty
Package: lscape 2020/05/28 v3.02 Landscape Pages (DPC)
)
Package pdflscape Info: Auto-detected driver: pdftex on input line 81.
)) (/usr/local/texlive/2026/texmf-dist/tex/latex/caption/caption.sty
Package: caption 2023/08/05 v3.6o Customizing captions (AR)
 (/usr/local/texlive/2026/texmf-dist/tex/latex/caption/caption3.sty
Package: caption3 2023/07/31 v2.4d caption3 kernel (AR)
\caption@tempdima=\dimen260
\captionmargin=\dimen261
\caption@leftmargin=\dimen262
\caption@rightmargin=\dimen263
\caption@width=\dimen264
\caption@indent=\dimen265
\caption@parindent=\dimen266
\caption@hangindent=\dimen267
Package caption Info: Standard document class detected.
)
\c@caption@flags=\count314
\c@continuedfloat=\count315
Package caption Info: float package is loaded.
Package caption Info: longtable package is loaded.
 (/usr/local/texlive/2026/texmf-dist/tex/latex/caption/ltcaption.sty
Package: ltcaption 2021/01/08 v1.4c longtable captions (AR)
)) (/usr/local/texlive/2026/texmf-dist/tex/latex/hyperref/hyperref.sty
Package: hyperref 2026-01-29 v7.01p Hypertext links for LaTeX
 (/usr/local/texlive/2026/texmf-dist/tex/latex/kvsetkeys/kvsetkeys.sty
Package: kvsetkeys 2022-10-05 v1.19 Key value parser (HO)
) (/usr/local/texlive/2026/texmf-dist/tex/generic/kvdefinekeys/kvdefinekeys.sty
Package: kvdefinekeys 2019-12-19 v1.6 Define keys (HO)
) (/usr/local/texlive/2026/texmf-dist/tex/generic/pdfescape/pdfescape.sty
Package: pdfescape 2019/12/09 v1.15 Implements pdfTeX's escape features (HO)
 (/usr/local/texlive/2026/texmf-dist/tex/generic/ltxcmds/ltxcmds.sty
Package: ltxcmds 2023-12-04 v1.26 LaTeX kernel commands for general use (HO)
) (/usr/local/texlive/2026/texmf-dist/tex/generic/pdftexcmds/pdftexcmds.sty
Package: pdftexcmds 2020-06-27 v0.33 Utility functions of pdfTeX for LuaTeX (HO)
 (/usr/local/texlive/2026/texmf-dist/tex/generic/infwarerr/infwarerr.sty
Package: infwarerr 2019/12/03 v1.5 Providing info/warning/error messages (HO)
)
Package pdftexcmds Info: \pdf@primitive is available.
Package pdftexcmds Info: \pdf@ifprimitive is available.
Package pdftexcmds Info: \pdfdraftmode found.
)) (/usr/local/texlive/2026/texmf-dist/tex/latex/hycolor/hycolor.sty
Package: hycolor 2020-01-27 v1.10 Color options for hyperref/bookmark (HO)
) (/usr/local/texlive/2026/texmf-dist/tex/latex/hyperref/nameref.sty
Package: nameref 2026-01-29 v2.58 Cross-referencing by name of section
 (/usr/local/texlive/2026/texmf-dist/tex/latex/refcount/refcount.sty
Package: refcount 2019/12/15 v3.6 Data extraction from label references (HO)
) (/usr/local/texlive/2026/texmf-dist/tex/generic/gettitlestring/gettitlestring.sty
Package: gettitlestring 2019/12/15 v1.6 Cleanup title references (HO)
 (/usr/local/texlive/2026/texmf-dist/tex/latex/kvoptions/kvoptions.sty
Package: kvoptions 2022-06-15 v3.15 Key value format for package options (HO)
))
\c@section@level=\count316
) (/usr/local/texlive/2026/texmf-dist/tex/latex/etoolbox/etoolbox.sty
Package: etoolbox 2025/10/02 v2.5m e-TeX tools for LaTeX (JAW)
\etb@tempcnta=\count317
) (/usr/local/texlive/2026/texmf-dist/tex/generic/stringenc/stringenc.sty
Package: stringenc 2019/11/29 v1.12 Convert strings between diff. encodings (HO)
)
\@linkdim=\dimen268
\Hy@linkcounter=\count318
\Hy@pagecounter=\count319
 (/usr/local/texlive/2026/texmf-dist/tex/latex/hyperref/pd1enc.def
File: pd1enc.def 2026-01-29 v7.01p Hyperref: PDFDocEncoding definition (HO)
Now handling font encoding PD1 ...
... no UTF-8 mapping file for font encoding PD1
) (/usr/local/texlive/2026/texmf-dist/tex/generic/intcalc/intcalc.sty
Package: intcalc 2019/12/15 v1.3 Expandable calculations with integers (HO)
)
\Hy@SavedSpaceFactor=\count320
 (/usr/local/texlive/2026/texmf-dist/tex/latex/hyperref/puenc.def
File: puenc.def 2026-01-29 v7.01p Hyperref: PDF Unicode definition (HO)
Now handling font encoding PU ...
... no UTF-8 mapping file for font encoding PU
)
Package hyperref Info: Hyper figures OFF on input line 4201.
Package hyperref Info: Link nesting OFF on input line 4206.
Package hyperref Info: Hyper index ON on input line 4209.
Package hyperref Info: Plain pages OFF on input line 4216.
Package hyperref Info: Backreferencing OFF on input line 4221.
Package hyperref Info: Implicit mode ON; LaTeX internals redefined.
Package hyperref Info: Bookmarks ON on input line 4468.
\c@Hy@tempcnt=\count321
 (/usr/local/texlive/2026/texmf-dist/tex/latex/url/url.sty
\Urlmuskip=\muskip18
Package: url 2013/09/16  ver 3.4  Verb mode for urls, etc.
)
LaTeX Info: Redefining \url on input line 4807.
\XeTeXLinkMargin=\dimen269
 (/usr/local/texlive/2026/texmf-dist/tex/generic/bitset/bitset.sty
Package: bitset 2019/12/09 v1.3 Handle bit-vector datatype (HO)
 (/usr/local/texlive/2026/texmf-dist/tex/generic/bigintcalc/bigintcalc.sty
Package: bigintcalc 2019/12/15 v1.5 Expandable calculations on big integers (HO)
))
\Fld@menulength=\count322
\Field@Width=\dimen270
\Fld@charsize=\dimen271
Package hyperref Info: Hyper figures OFF on input line 6084.
Package hyperref Info: Link nesting OFF on input line 6089.
Package hyperref Info: Hyper index ON on input line 6092.
Package hyperref Info: backreferencing OFF on input line 6099.
Package hyperref Info: Link coloring OFF on input line 6104.
Package hyperref Info: Link coloring with OCG OFF on input line 6109.
Package hyperref Info: PDF/A mode OFF on input line 6114.
\Hy@abspage=\count323
\c@Item=\count324
\c@Hfootnote=\count325
)
Package hyperref Info: Driver (autodetected): hpdftex.
 (/usr/local/texlive/2026/texmf-dist/tex/latex/hyperref/hpdftex.def
File: hpdftex.def 2026-01-29 v7.01p Hyperref driver for pdfTeX
\Fld@listcount=\count326
\c@bookmark@seq@number=\count327

(/usr/local/texlive/2026/texmf-dist/tex/latex/rerunfilecheck/rerunfilecheck.sty
Package: rerunfilecheck 2025-06-21 v1.11 Rerun checks for auxiliary files (HO)
 (/usr/local/texlive/2026/texmf-dist/tex/generic/uniquecounter/uniquecounter.sty
Package: uniquecounter 2019/12/15 v1.4 Provide unlimited unique counter (HO)
)
Package uniquecounter Info: New unique counter `rerunfilecheck' on input line 284.
)
\Hy@SectionHShift=\skip62
) (/usr/local/texlive/2026/texmf-dist/tex/latex/natbib/natbib.sty
Package: natbib 2010/09/13 8.31b (PWD, AO)
\bibhang=\skip63
\bibsep=\skip64
LaTeX Info: Redefining \cite on input line 694.
\c@NAT@ctr=\count328
) (/usr/local/texlive/2026/texmf-dist/tex/latex/l3backend/l3backend-pdftex.def
File: l3backend-pdftex.def 2025-10-09 L3 backend support: PDF output (pdfTeX)
\l__color_backend_stack_int=\count329
) (build/Thesis.aux)
\openout1 = `Thesis.aux'.

LaTeX Font Info:    Checking defaults for OML/cmm/m/it on input line 25.
LaTeX Font Info:    ... okay on input line 25.
LaTeX Font Info:    Checking defaults for OMS/cmsy/m/n on input line 25.
LaTeX Font Info:    ... okay on input line 25.
LaTeX Font Info:    Checking defaults for OT1/cmr/m/n on input line 25.
LaTeX Font Info:    ... okay on input line 25.
LaTeX Font Info:    Checking defaults for T1/cmr/m/n on input line 25.
LaTeX Font Info:    ... okay on input line 25.
LaTeX Font Info:    Checking defaults for TS1/cmr/m/n on input line 25.
LaTeX Font Info:    ... okay on input line 25.
LaTeX Font Info:    Checking defaults for OMX/cmex/m/n on input line 25.
LaTeX Font Info:    ... okay on input line 25.
LaTeX Font Info:    Checking defaults for U/cmr/m/n on input line 25.
LaTeX Font Info:    ... okay on input line 25.
LaTeX Font Info:    Checking defaults for PD1/pdf/m/n on input line 25.
LaTeX Font Info:    ... okay on input line 25.
LaTeX Font Info:    Checking defaults for PU/pdf/m/n on input line 25.
LaTeX Font Info:    ... okay on input line 25.

*geometry* driver: auto-detecting
*geometry* detected driver: pdftex
*geometry* verbose mode - [ preamble ] result:
* driver: pdftex
* paper: a4paper
* layout: <same size as paper>
* layoutoffset:(h,v)=(0.0pt,0.0pt)
* modes: 
* h-part:(L,W,R)=(71.13188pt, 455.24411pt, 71.13188pt)
* v-part:(T,H,B)=(71.13188pt, 702.78308pt, 71.13188pt)
* \paperwidth=597.50787pt
* \paperheight=845.04684pt
* \textwidth=455.24411pt
* \textheight=702.78308pt
* \oddsidemargin=-1.1381pt
* \evensidemargin=-1.1381pt
* \topmargin=-38.1381pt
* \headheight=12.0pt
* \headsep=25.0pt
* \topskip=12.0pt
* \footskip=30.0pt
* \marginparwidth=35.0pt
* \marginparsep=10.0pt
* \columnsep=10.0pt
* \skip\footins=10.8pt plus 4.0pt minus 2.0pt
* \hoffset=0.0pt
* \voffset=0.0pt
* \mag=1000
* \@twocolumnfalse
* \@twosidefalse
* \@mparswitchfalse
* \@reversemarginfalse
* (1in=72.27pt=25.4mm, 1cm=28.453pt)

(/usr/local/texlive/2026/texmf-dist/tex/context/base/mkii/supp-pdf.mkii
[Loading MPS to PDF converter (version 2006.09.02).]
\scratchcounter=\count330
\scratchdimen=\dimen272
\scratchbox=\box66
\nofMPsegments=\count331
\nofMParguments=\count332
\everyMPshowfont=\toks32
\MPscratchCnt=\count333
\MPscratchDim=\dimen273
\MPnumerator=\count334
\makeMPintoPDFobject=\count335
\everyMPtoPDFconversion=\toks33
) (/usr/local/texlive/2026/texmf-dist/tex/latex/epstopdf-pkg/epstopdf-base.sty
Package: epstopdf-base 2020-01-24 v2.11 Base part for package epstopdf
Package epstopdf-base Info: Redefining graphics rule for `.eps' on input line 485.
 (/usr/local/texlive/2026/texmf-dist/tex/latex/latexconfig/epstopdf-sys.cfg
File: epstopdf-sys.cfg 2010/07/13 v1.3 Configuration of (r)epstopdf for TeX Live
))
Package caption Info: Begin \AtBeginDocument code.
Package caption Info: hyperref package is loaded.
Package caption Info: End \AtBeginDocument code.
Package hyperref Info: Link coloring OFF on input line 25.
 (build/Thesis.out) (build/Thesis.out)
\@outlinefile=\write3
\openout3 = `Thesis.out'.

 [1

{/usr/local/texlive/2026/texmf-var/fonts/map/pdftex/updmap/pdftex.map}]
pdfTeX warning (ext4): destination with the same identifier (name{page.1}) has been already used, duplicate ignored
<to be read again> 
                   \relax 
l.51 \chapter
             *{Abstract} [1

] [2

] [3

] (build/Thesis.toc
LaTeX Font Info:    Trying to load font information for U+msa on input line 3.
 (/usr/local/texlive/2026/texmf-dist/tex/latex/amsfonts/umsa.fd
File: umsa.fd 2013/01/14 v3.01 AMS symbols A
)
LaTeX Font Info:    Trying to load font information for U+msb on input line 3.
 (/usr/local/texlive/2026/texmf-dist/tex/latex/amsfonts/umsb.fd
File: umsb.fd 2013/01/14 v3.01 AMS symbols B
) [4

])
\tf@toc=\write4
\openout4 = `Thesis.toc'.

 [5] [6

] [7] [8]
Chapter 1.
[9

] [10] [11]
Overfull \hbox (6.42368pt too wide) in paragraph at lines 287--287
[]|\OT1/cmr/bx/n/12 Abbreviation| 
 []


Underfull \hbox (badness 4132) in paragraph at lines 287--287
[]|\OT1/cmr/m/n/12 Composite in-dex con-structed
 []


Underfull \hbox (badness 1953) in paragraph at lines 287--287
\OT1/cmr/m/n/12 ables, in-clud-ing in-ter-est rate
 []


Underfull \hbox (badness 7558) in paragraph at lines 287--287
\OT1/cmr/m/n/12 spreads, volatil-ity mea-sures,
 []


Underfull \hbox (badness 5302) in paragraph at lines 287--287
[]|\OT1/cmr/m/n/12 Chicago Fed Na-tional Fi-nan-cial
 []


Underfull \hbox (badness 3623) in paragraph at lines 287--287
\OT1/cmr/m/n/12 fi-nan-cial in-di-ca-tors cap-tur-ing
 []


Underfull \hbox (badness 1168) in paragraph at lines 287--287
\OT1/cmr/m/n/12 on yield spreads and mar-ket
 []


Underfull \hbox (badness 1038) in paragraph at lines 287--287
\OT1/cmr/m/n/12 volatil-ity across fi-nan-cial sec-
 []


Underfull \hbox (badness 1721) in paragraph at lines 287--287
[]|\OT1/cmr/m/n/12 Market-based mea-sure of ex-
 []


Underfull \hbox (badness 6125) in paragraph at lines 287--287
[]|\OT1/cmr/m/n/12 News-based in-dex mea-sur-ing
 []


Underfull \hbox (badness 1430) in paragraph at lines 287--287
\OT1/cmr/m/n/12 pa-per ar-ti-cles com-bined with
 []

[12] [13]
Overfull \vbox (37.66449pt too high) has occurred while \output is active []

 [14] [15] [16]
<pics/plot.pdf, id=244, 578.16pt x 361.35pt>
File: pics/plot.pdf Graphic file (type pdf)
<use pics/plot.pdf>
Package pdftex.def Info: pics/plot.pdf  used on input line 358.
(pdftex.def)             Requested size: 455.24411pt x 284.52603pt.
 [17] [18 <./pics/plot.pdf>] [19] [20] [21] [22] [23] [24]
Chapter 2.
<pics/fig_own_indices.pdf, id=323, 867.24pt x 505.89pt>
File: pics/fig_own_indices.pdf Graphic file (type pdf)
<use pics/fig_own_indices.pdf>
Package pdftex.def Info: pics/fig_own_indices.pdf  used on input line 678.
(pdftex.def)             Requested size: 418.82375pt x 244.31424pt.
<pics/fig_reference_indices.pdf, id=325, 867.24pt x 505.89pt>
File: pics/fig_reference_indices.pdf Graphic file (type pdf)
<use pics/fig_reference_indices.pdf>
Package pdftex.def Info: pics/fig_reference_indices.pdf  used on input line 681.
(pdftex.def)             Requested size: 418.82375pt x 244.31424pt.
[25

] [26 <./pics/fig_own_indices.pdf> <./pics/fig_reference_indices.pdf>]
<pics/fig_own_ts_indices.pdf, id=378, 867.24pt x 505.89pt>
File: pics/fig_own_ts_indices.pdf Graphic file (type pdf)
<use pics/fig_own_ts_indices.pdf>
Package pdftex.def Info: pics/fig_own_ts_indices.pdf  used on input line 696.
(pdftex.def)             Requested size: 418.82375pt x 244.31424pt.
<pics/fig_ref_ts_indices.pdf, id=380, 867.24pt x 505.89pt>
File: pics/fig_ref_ts_indices.pdf Graphic file (type pdf)
<use pics/fig_ref_ts_indices.pdf>
Package pdftex.def Info: pics/fig_ref_ts_indices.pdf  used on input line 699.
(pdftex.def)             Requested size: 418.82375pt x 244.31424pt.
 [27] [28 <./pics/fig_own_ts_indices.pdf> <./pics/fig_ref_ts_indices.pdf>]
<pics/fig_correlation_matrix.pdf, id=433, 722.7pt x 722.7pt>
File: pics/fig_correlation_matrix.pdf Graphic file (type pdf)
<use pics/fig_correlation_matrix.pdf>
Package pdftex.def Info: pics/fig_correlation_matrix.pdf  used on input line 714.
(pdftex.def)             Requested size: 418.82375pt x 418.82443pt.
 [29] [30 <./pics/fig_correlation_matrix.pdf>] [31]
Overfull \vbox (1.75075pt too high) has occurred while \output is active []

 [32] [33]
<pics/STLFSI_shadow_to_risk.pdf, id=470, 722.7pt x 361.35pt>
File: pics/STLFSI_shadow_to_risk.pdf Graphic file (type pdf)
<use pics/STLFSI_shadow_to_risk.pdf>
Package pdftex.def Info: pics/STLFSI_shadow_to_risk.pdf  used on input line 829.
(pdftex.def)             Requested size: 386.96027pt x 193.483pt.
 [34]
<pics/STLFSI_risk_to_banking.pdf, id=475, 867.24pt x 505.89pt>
File: pics/STLFSI_risk_to_banking.pdf Graphic file (type pdf)
<use pics/STLFSI_risk_to_banking.pdf>
Package pdftex.def Info: pics/STLFSI_risk_to_banking.pdf  used on input line 839.
(pdftex.def)             Requested size: 385.54346pt x 224.90033pt.
<pics/STLFSI_risk_to_shadow.pdf, id=476, 867.24pt x 505.89pt>
File: pics/STLFSI_risk_to_shadow.pdf Graphic file (type pdf)
<use pics/STLFSI_risk_to_shadow.pdf>
Package pdftex.def Info: pics/STLFSI_risk_to_shadow.pdf  used on input line 841.
(pdftex.def)             Requested size: 385.54346pt x 224.90033pt.
<pics/STLFSI_risk_to_shadow_core.pdf, id=477, 867.24pt x 505.89pt>
File: pics/STLFSI_risk_to_shadow_core.pdf Graphic file (type pdf)
<use pics/STLFSI_risk_to_shadow_core.pdf>
Package pdftex.def Info: pics/STLFSI_risk_to_shadow_core.pdf  used on input line 843.
(pdftex.def)             Requested size: 385.54346pt x 224.90033pt.
 [35 <./pics/STLFSI_shadow_to_risk.pdf>]
<pics/STLFSI_risk_to_hedge.pdf, id=492, 867.24pt x 505.89pt>
File: pics/STLFSI_risk_to_hedge.pdf Graphic file (type pdf)
<use pics/STLFSI_risk_to_hedge.pdf>
Package pdftex.def Info: pics/STLFSI_risk_to_hedge.pdf  used on input line 850.
(pdftex.def)             Requested size: 385.54346pt x 224.90033pt.
 [36 <./pics/STLFSI_risk_to_banking.pdf> <./pics/STLFSI_risk_to_shadow.pdf> <./pics/STLFSI_risk_to_shadow_core.pdf>] [37 <./pics/STLFSI_risk_to_hedge.pdf>]
<pics/VIX_shadow_to_risk.pdf, id=540, 722.7pt x 361.35pt>
File: pics/VIX_shadow_to_risk.pdf Graphic file (type pdf)
<use pics/VIX_shadow_to_risk.pdf>
Package pdftex.def Info: pics/VIX_shadow_to_risk.pdf  used on input line 869.
(pdftex.def)             Requested size: 386.96027pt x 193.483pt.
<pics/VIX_risk_to_banking.pdf, id=541, 867.24pt x 505.89pt>
File: pics/VIX_risk_to_banking.pdf Graphic file (type pdf)
<use pics/VIX_risk_to_banking.pdf>
Package pdftex.def Info: pics/VIX_risk_to_banking.pdf  used on input line 877.
(pdftex.def)             Requested size: 385.54346pt x 224.90033pt.
<pics/VIX_risk_to_shadow.pdf, id=542, 867.24pt x 505.89pt>
File: pics/VIX_risk_to_shadow.pdf Graphic file (type pdf)
<use pics/VIX_risk_to_shadow.pdf>
Package pdftex.def Info: pics/VIX_risk_to_shadow.pdf  used on input line 879.
(pdftex.def)             Requested size: 385.54346pt x 224.90033pt.
<pics/VIX_risk_to_shadow_core.pdf, id=543, 867.24pt x 505.89pt>
File: pics/VIX_risk_to_shadow_core.pdf Graphic file (type pdf)
<use pics/VIX_risk_to_shadow_core.pdf>
Package pdftex.def Info: pics/VIX_risk_to_shadow_core.pdf  used on input line 881.
(pdftex.def)             Requested size: 385.54346pt x 224.90033pt.
<pics/VIX_risk_to_hedge.pdf, id=544, 867.24pt x 505.89pt>
File: pics/VIX_risk_to_hedge.pdf Graphic file (type pdf)
<use pics/VIX_risk_to_hedge.pdf>
Package pdftex.def Info: pics/VIX_risk_to_hedge.pdf  used on input line 888.
(pdftex.def)             Requested size: 385.54346pt x 224.90033pt.
 [38 <./pics/VIX_shadow_to_risk.pdf>] [39 <./pics/VIX_risk_to_banking.pdf> <./pics/VIX_risk_to_shadow.pdf> <./pics/VIX_risk_to_shadow_core.pdf>] [40 <./pics/VIX_risk_to_hedge.pdf>]
<pics/NSI__Shapiro__flipped_shadow_to_risk.pdf, id=606, 722.7pt x 361.35pt>
File: pics/NSI__Shapiro__flipped_shadow_to_risk.pdf Graphic file (type pdf)
<use pics/NSI__Shapiro__flipped_shadow_to_risk.pdf>
Package pdftex.def Info: pics/NSI__Shapiro__flipped_shadow_to_risk.pdf  used on input line 909.
(pdftex.def)             Requested size: 386.96027pt x 193.483pt.
<pics/NSI__Shapiro__flipped_risk_to_banking.pdf, id=607, 867.24pt x 505.89pt>
File: pics/NSI__Shapiro__flipped_risk_to_banking.pdf Graphic file (type pdf)
<use pics/NSI__Shapiro__flipped_risk_to_banking.pdf>
Package pdftex.def Info: pics/NSI__Shapiro__flipped_risk_to_banking.pdf  used on input line 918.
(pdftex.def)             Requested size: 385.54346pt x 224.90033pt.
<pics/NSI__Shapiro__flipped_risk_to_shadow.pdf, id=608, 867.24pt x 505.89pt>
File: pics/NSI__Shapiro__flipped_risk_to_shadow.pdf Graphic file (type pdf)
<use pics/NSI__Shapiro__flipped_risk_to_shadow.pdf>
Package pdftex.def Info: pics/NSI__Shapiro__flipped_risk_to_shadow.pdf  used on input line 920.
(pdftex.def)             Requested size: 385.54346pt x 224.90033pt.
<pics/NSI__Shapiro__flipped_risk_to_shadow_core.pdf, id=609, 867.24pt x 505.89pt>
File: pics/NSI__Shapiro__flipped_risk_to_shadow_core.pdf Graphic file (type pdf)
<use pics/NSI__Shapiro__flipped_risk_to_shadow_core.pdf>
Package pdftex.def Info: pics/NSI__Shapiro__flipped_risk_to_shadow_core.pdf  used on input line 922.
(pdftex.def)             Requested size: 385.54346pt x 224.90033pt.
 [41 <./pics/NSI__Shapiro__flipped_shadow_to_risk.pdf>]
<pics/NSI__Shapiro__flipped_risk_to_hedge.pdf, id=624, 867.24pt x 505.89pt>
File: pics/NSI__Shapiro__flipped_risk_to_hedge.pdf Graphic file (type pdf)
<use pics/NSI__Shapiro__flipped_risk_to_hedge.pdf>
Package pdftex.def Info: pics/NSI__Shapiro__flipped_risk_to_hedge.pdf  used on input line 929.
(pdftex.def)             Requested size: 385.54346pt x 224.90033pt.
 [42 <./pics/NSI__Shapiro__flipped_risk_to_banking.pdf> <./pics/NSI__Shapiro__flipped_risk_to_shadow.pdf> <./pics/NSI__Shapiro__flipped_risk_to_shadow_core.pdf>] [43 <./pics/NSI__Shapiro__flipped_risk_to_hedge.pdf>]
<pics/Sentiment_FinBERT_flipped_shadow_to_risk.pdf, id=672, 722.7pt x 361.35pt>
File: pics/Sentiment_FinBERT_flipped_shadow_to_risk.pdf Graphic file (type pdf)
<use pics/Sentiment_FinBERT_flipped_shadow_to_risk.pdf>
Package pdftex.def Info: pics/Sentiment_FinBERT_flipped_shadow_to_risk.pdf  used on input line 948.
(pdftex.def)             Requested size: 386.96027pt x 193.483pt.
<pics/Sentiment_FinBERT_flipped_risk_to_banking.pdf, id=673, 867.24pt x 505.89pt>
File: pics/Sentiment_FinBERT_flipped_risk_to_banking.pdf Graphic file (type pdf)
<use pics/Sentiment_FinBERT_flipped_risk_to_banking.pdf>
Package pdftex.def Info: pics/Sentiment_FinBERT_flipped_risk_to_banking.pdf  used on input line 955.
(pdftex.def)             Requested size: 385.54346pt x 224.90033pt.
<pics/SENTIMENT_FINBERT_flipped_risk_to_shadow.pdf, id=674, 867.24pt x 505.89pt>
File: pics/SENTIMENT_FINBERT_flipped_risk_to_shadow.pdf Graphic file (type pdf)
<use pics/SENTIMENT_FINBERT_flipped_risk_to_shadow.pdf>
Package pdftex.def Info: pics/SENTIMENT_FINBERT_flipped_risk_to_shadow.pdf  used on input line 957.
(pdftex.def)             Requested size: 385.54346pt x 224.90033pt.
<pics/Sentiment_FinBERT_flipped_risk_to_shadow_core.pdf, id=675, 867.24pt x 505.89pt>
File: pics/Sentiment_FinBERT_flipped_risk_to_shadow_core.pdf Graphic file (type pdf)
<use pics/Sentiment_FinBERT_flipped_risk_to_shadow_core.pdf>
Package pdftex.def Info: pics/Sentiment_FinBERT_flipped_risk_to_shadow_core.pdf  used on input line 959.
(pdftex.def)             Requested size: 385.54346pt x 224.90033pt.
 [44 <./pics/Sentiment_FinBERT_flipped_shadow_to_risk.pdf>]
<pics/Sentiment_FinBERT_flipped_risk_to_hedge.pdf, id=690, 867.24pt x 505.89pt>
File: pics/Sentiment_FinBERT_flipped_risk_to_hedge.pdf Graphic file (type pdf)
<use pics/Sentiment_FinBERT_flipped_risk_to_hedge.pdf>
Package pdftex.def Info: pics/Sentiment_FinBERT_flipped_risk_to_hedge.pdf  used on input line 966.
(pdftex.def)             Requested size: 385.54346pt x 224.90033pt.
 [45 <./pics/Sentiment_FinBERT_flipped_risk_to_banking.pdf> <./pics/SENTIMENT_FINBERT_flipped_risk_to_shadow.pdf> <./pics/Sentiment_FinBERT_flipped_risk_to_shadow_core.pdf>]
<pics/Custom_Index_shadow_to_risk.pdf, id=724, 722.7pt x 361.35pt>
File: pics/Custom_Index_shadow_to_risk.pdf Graphic file (type pdf)
<use pics/Custom_Index_shadow_to_risk.pdf>
Package pdftex.def Info: pics/Custom_Index_shadow_to_risk.pdf  used on input line 979.
(pdftex.def)             Requested size: 386.96027pt x 193.483pt.
 [46 <./pics/Sentiment_FinBERT_flipped_risk_to_hedge.pdf>]
<pics/Custom_Index_risk_to_banking.pdf, id=739, 867.24pt x 505.89pt>
File: pics/Custom_Index_risk_to_banking.pdf Graphic file (type pdf)
<use pics/Custom_Index_risk_to_banking.pdf>
Package pdftex.def Info: pics/Custom_Index_risk_to_banking.pdf  used on input line 987.
(pdftex.def)             Requested size: 385.54346pt x 224.90033pt.
<pics/CUSTOM_INDEX_risk_to_shadow.pdf, id=740, 867.24pt x 505.89pt>
File: pics/CUSTOM_INDEX_risk_to_shadow.pdf Graphic file (type pdf)
<use pics/CUSTOM_INDEX_risk_to_shadow.pdf>
Package pdftex.def Info: pics/CUSTOM_INDEX_risk_to_shadow.pdf  used on input line 989.
(pdftex.def)             Requested size: 385.54346pt x 224.90033pt.
<pics/Custom_Index_risk_to_shadow_core.pdf, id=741, 867.24pt x 505.89pt>
File: pics/Custom_Index_risk_to_shadow_core.pdf Graphic file (type pdf)
<use pics/Custom_Index_risk_to_shadow_core.pdf>
Package pdftex.def Info: pics/Custom_Index_risk_to_shadow_core.pdf  used on input line 991.
(pdftex.def)             Requested size: 385.54346pt x 224.90033pt.
 [47 <./pics/Custom_Index_shadow_to_risk.pdf>]
<pics/Custom_Index_risk_to_hedge.pdf, id=756, 867.24pt x 505.89pt>
File: pics/Custom_Index_risk_to_hedge.pdf Graphic file (type pdf)
<use pics/Custom_Index_risk_to_hedge.pdf>
Package pdftex.def Info: pics/Custom_Index_risk_to_hedge.pdf  used on input line 998.
(pdftex.def)             Requested size: 385.54346pt x 224.90033pt.
 [48 <./pics/Custom_Index_risk_to_banking.pdf> <./pics/CUSTOM_INDEX_risk_to_shadow.pdf> <./pics/Custom_Index_risk_to_shadow_core.pdf>] [49 <./pics/Custom_Index_risk_to_hedge.pdf>] [50]
<pics/Custom_Mix_shadow_to_risk.pdf, id=808, 722.7pt x 361.35pt>
File: pics/Custom_Mix_shadow_to_risk.pdf Graphic file (type pdf)
<use pics/Custom_Mix_shadow_to_risk.pdf>
Package pdftex.def Info: pics/Custom_Mix_shadow_to_risk.pdf  used on input line 1021.
(pdftex.def)             Requested size: 386.96027pt x 193.483pt.
<pics/Custom_Mix_risk_to_banking.pdf, id=809, 867.24pt x 505.89pt>
File: pics/Custom_Mix_risk_to_banking.pdf Graphic file (type pdf)
<use pics/Custom_Mix_risk_to_banking.pdf>
Package pdftex.def Info: pics/Custom_Mix_risk_to_banking.pdf  used on input line 1028.
(pdftex.def)             Requested size: 385.54346pt x 224.90033pt.
<pics/CUSTOM_MIX_risk_to_shadow.pdf, id=810, 867.24pt x 505.89pt>
File: pics/CUSTOM_MIX_risk_to_shadow.pdf Graphic file (type pdf)
<use pics/CUSTOM_MIX_risk_to_shadow.pdf>
Package pdftex.def Info: pics/CUSTOM_MIX_risk_to_shadow.pdf  used on input line 1030.
(pdftex.def)             Requested size: 385.54346pt x 224.90033pt.
<pics/Custom_Mix_risk_to_shadow_core.pdf, id=811, 867.24pt x 505.89pt>
File: pics/Custom_Mix_risk_to_shadow_core.pdf Graphic file (type pdf)
<use pics/Custom_Mix_risk_to_shadow_core.pdf>
Package pdftex.def Info: pics/Custom_Mix_risk_to_shadow_core.pdf  used on input line 1032.
(pdftex.def)             Requested size: 385.54346pt x 224.90033pt.
 [51

 <./pics/Custom_Mix_shadow_to_risk.pdf>]
<pics/Custom_Mix_risk_to_hedge.pdf, id=827, 867.24pt x 505.89pt>
File: pics/Custom_Mix_risk_to_hedge.pdf Graphic file (type pdf)
<use pics/Custom_Mix_risk_to_hedge.pdf>
Package pdftex.def Info: pics/Custom_Mix_risk_to_hedge.pdf  used on input line 1039.
(pdftex.def)             Requested size: 385.54346pt x 224.90033pt.
 [52 <./pics/Custom_Mix_risk_to_banking.pdf> <./pics/CUSTOM_MIX_risk_to_shadow.pdf> <./pics/Custom_Mix_risk_to_shadow_core.pdf>] [53 <./pics/Custom_Mix_risk_to_hedge.pdf>]
Chapter 3.
[54

] [55] [56] [57] [58] [59]
Chapter 4.
[60

] [61] [62] [63]
Overfull \vbox (19.01797pt too high) has occurred while \output is active []

 [64] [65] [66]
Overfull \vbox (103.92165pt too high) has occurred while \output is active []

 [67] [68] [69] [70] [71] [72] [73] [74] (build/Thesis.aux)
 ***********
LaTeX2e <2025-11-01>
L3 programming layer <2026-01-19>
 ***********
Package rerunfilecheck Info: File `Thesis.out' has not changed.
(rerunfilecheck)             Checksum: 80A97AEA8E399F8DE111381E811D525C;5245.
 ) 
Here is how much of TeX's memory you used:
 14462 strings out of 467525
 234862 string characters out of 5418983
 683684 words of memory out of 5000000
 42995 multiletter control sequences out of 15000+600000
 638274 words of font info for 80 fonts, out of 8000000 for 9000
 1141 hyphenation exceptions out of 8191
 75i,17n,117p,1257b,509s stack positions out of 10000i,1000n,20000p,200000b,200000s
</usr/local/texlive/2026/texmf-dist/fonts/type1/public/amsfonts/cm/cmbx10.pfb></usr/local/texlive/2026/texmf-dist/fonts/type1/public/amsfonts/cm/cmbx12.pfb></usr/local/texlive/2026/texmf-dist/fonts/type1/public/amsfonts/cm/cmbx8.pfb></usr/local/texlive/2026/texmf-dist/fonts/type1/public/amsfonts/cm/cmex10.pfb></usr/local/texlive/2026/texmf-dist/fonts/type1/public/amsfonts/cm/cmmi10.pfb></usr/local/texlive/2026/texmf-dist/fonts/type1/public/amsfonts/cm/cmmi12.pfb></usr/local/texlive/2026/texmf-dist/fonts/type1/public/amsfonts/cm/cmmi8.pfb></usr/local/texlive/2026/texmf-dist/fonts/type1/public/amsfonts/cm/cmr10.pfb></usr/local/texlive/2026/texmf-dist/fonts/type1/public/amsfonts/cm/cmr12.pfb></usr/local/texlive/2026/texmf-dist/fonts/type1/public/amsfonts/cm/cmr17.pfb></usr/local/texlive/2026/texmf-dist/fonts/type1/public/amsfonts/cm/cmr8.pfb></usr/local/texlive/2026/texmf-dist/fonts/type1/public/amsfonts/cm/cmsy10.pfb></usr/local/texlive/2026/texmf-dist/fonts/type1/public/amsfonts/cm/cmsy8.pfb></usr/local/texlive/2026/texmf-dist/fonts/type1/public/amsfonts/cm/cmti10.pfb></usr/local/texlive/2026/texmf-dist/fonts/type1/public/amsfonts/cm/cmti12.pfb></usr/local/texlive/2026/texmf-dist/fonts/type1/public/amsfonts/cm/cmtt12.pfb></usr/local/texlive/2026/texmf-dist/fonts/type1/public/amsfonts/symbols/msbm10.pfb>
Output written on build/Thesis.pdf (75 pages, 613998 bytes).
PDF statistics:
 1094 PDF objects out of 1200 (max. 8388607)
 873 compressed objects within 9 object streams
 173 named destinations out of 1000 (max. 500000)
 467 words of extra memory for PDF output out of 10000 (max. 10000000)

